String          Description                                      Result                        
--------------- --------------------- ---------------------------------                        
5 + 3 * 6       +[5, *[3, 6]]                                     23.00                        
5 * 3 + 6       *[5, +[3, 6]]                                     21.00                        
5 * 2 + 3 / 4   *[5, +[2, /[3, 4]]]                               10.75                        
5 * (2 + 3) / 4 *[5, /[(+[2, 3]), 4]]                              6.25                        
                                                                                               